[Options]
StationDiameter=13
ImageFileName=L11.vec
LinesWidth=7
WordWrap=True
UpperCase=False
Transports=Metro.trp,Tram.trp,FGC.trp,Rodalies.trp
CheckedTransports=Metro.trp

[StationLabels]
FGC=FGC
Rodalies=R
Tramvia=T

[L3]
Color=088c2f
LabelsColor=088c2f
Coordinates=0,0, 0,0, 0,0, 0,0, 0,0, 0,0, 0,0, 0,0, 0,0, 0,0, 0,0, 0,0, 0,0, 0,0, 0,0, 0,0, 0,0, 0,0, 0,0, 0,0, 0,0, 0,0, 0,0, 0,0, 0,0, 141,190
Rects=
Rect=
Rects2=

[L4]
Color=FCCC04
LabelsColor=F49E01
Coordinates=0,0, 0,0, 0,0, 0,0, 0,0, 0,0, 0,0, 0,0, 0,0, 0,0, 0,0, 0,0, 0,0, 0,0, 0,0, 0,0, 0,0, 0,0, 0,0, 0,0, 0,0, 159,190
Rects=
Rect=
Rects2=

[L11]
Color=7cb33b
LabelsColor=7cb33b
Coordinates=123,190, 123,150, 123,110, 123,70, 123,30
Rects=66,177,41,26, 49,138,58,28, 24,97,83,28, 49,60,58,27, 73,19,34,27
Rect=
Rects2=

[R3]
Color=ff0033
LabelsColor=ff0033
Coordinates=0,0, 0,0, 0,0, 0,0, 0,0, 0,0, 176,110
Rects=
Rect=
Rects2=

[R4]
Color=cd5b45
LabelsColor=cd5b45
Coordinates=0,0, 0,0, 0,0, 0,0, 0,0, 0,0, 0,0, 0,0, 0,0, 0,0, 194,110
Rects=
Rect=
Rects2=

[R7]
Color=da70d6
LabelsColor=da70d6
Coordinates=0,0, 212,110
Rects=
Rect=
Rects2=
